2025-02-19 12:09:54,294 - INFO - TF-IDF trained on 42428 phonetic patterns
2025-02-19 12:10:06,187 - INFO - Processing 2175462 farmer details
2025-02-19 12:12:14,258 - INFO - Committed 1000 records
2025-02-19 12:16:40,301 - INFO - Committed 2000 records
2025-02-19 12:21:18,051 - INFO - Committed 3000 records
2025-02-19 12:25:24,450 - INFO - Committed 4000 records
2025-02-19 12:29:25,928 - INFO - Committed 5000 records
2025-02-19 12:33:24,340 - INFO - Committed 6000 records
2025-02-19 12:36:51,538 - INFO - Committed 7000 records
2025-02-19 12:40:22,870 - INFO - Committed 8000 records
2025-02-19 12:43:57,109 - INFO - Committed 9000 records
2025-02-19 12:47:32,419 - INFO - Committed 10000 records
2025-02-19 12:49:17,416 - INFO - Committed 11000 records
2025-02-19 12:52:43,510 - INFO - Committed 12000 records
2025-02-19 12:56:11,497 - INFO - Committed 13000 records
2025-02-19 12:59:55,650 - INFO - Committed 14000 records
2025-02-19 13:03:11,902 - INFO - Committed 15000 records
2025-02-19 13:06:31,987 - INFO - Committed 16000 records
2025-02-19 13:09:54,820 - INFO - Committed 17000 records
2025-02-19 13:13:13,501 - INFO - Committed 18000 records
2025-02-19 13:16:18,816 - INFO - Committed 19000 records
2025-02-19 13:19:29,888 - INFO - Committed 20000 records
2025-02-19 13:21:08,618 - INFO - Committed 21000 records
2025-02-19 13:24:17,375 - INFO - Committed 22000 records
2025-02-19 13:28:07,169 - INFO - Committed 23000 records
2025-02-19 13:31:19,970 - INFO - Committed 24000 records
2025-02-19 13:34:34,468 - INFO - Committed 25000 records
2025-02-19 13:37:43,931 - INFO - Committed 26000 records
2025-02-19 13:40:54,358 - INFO - Committed 27000 records
2025-02-19 13:44:03,762 - INFO - Committed 28000 records
2025-02-19 13:47:29,735 - INFO - Committed 29000 records
2025-02-19 13:50:51,211 - INFO - Committed 30000 records
2025-02-19 13:52:29,599 - INFO - Committed 31000 records
2025-02-19 13:55:48,026 - INFO - Committed 32000 records
2025-02-19 13:59:11,717 - INFO - Committed 33000 records
2025-02-19 14:02:33,063 - INFO - Committed 34000 records
2025-02-19 14:05:49,985 - INFO - Committed 35000 records
2025-02-19 14:09:05,791 - INFO - Committed 36000 records
2025-02-19 14:12:20,210 - INFO - Committed 37000 records
2025-02-19 14:15:36,358 - INFO - Committed 38000 records
2025-02-19 14:18:57,633 - INFO - Committed 39000 records
2025-02-19 14:22:12,892 - INFO - Committed 40000 records
2025-02-19 14:23:48,524 - INFO - Committed 41000 records
2025-02-19 14:27:12,110 - INFO - Committed 42000 records
2025-02-19 14:30:36,662 - INFO - Committed 43000 records
2025-02-19 14:33:59,529 - INFO - Committed 44000 records
2025-02-19 14:37:19,295 - INFO - Committed 45000 records
2025-02-19 14:40:36,755 - INFO - Committed 46000 records
2025-02-19 14:43:56,929 - INFO - Committed 47000 records
2025-02-19 14:47:15,773 - INFO - Committed 48000 records
2025-02-19 14:50:32,671 - INFO - Committed 49000 records
2025-02-19 14:53:49,652 - INFO - Committed 50000 records
2025-02-19 14:55:23,907 - INFO - Committed 51000 records
2025-02-19 14:58:38,013 - INFO - Committed 52000 records
2025-02-19 15:02:08,872 - INFO - Committed 53000 records
2025-02-19 15:06:40,459 - INFO - Committed 54000 records
2025-02-19 15:10:42,619 - INFO - Committed 55000 records
2025-02-19 15:15:11,061 - INFO - Committed 56000 records
2025-02-19 15:19:42,108 - INFO - Committed 57000 records
2025-02-19 15:24:22,126 - INFO - Committed 58000 records
2025-02-19 15:28:50,731 - INFO - Committed 59000 records
2025-02-19 15:32:55,497 - INFO - Committed 60000 records
2025-02-19 15:35:06,945 - INFO - Committed 61000 records
2025-02-19 15:39:27,478 - INFO - Committed 62000 records
2025-02-19 15:43:46,544 - INFO - Committed 63000 records
2025-02-19 15:47:47,319 - INFO - Committed 64000 records
2025-02-19 15:51:44,647 - INFO - Committed 65000 records
2025-02-19 15:55:57,548 - INFO - Committed 66000 records
2025-02-19 16:00:28,265 - INFO - Committed 67000 records
2025-02-19 16:04:49,026 - INFO - Committed 68000 records
2025-02-19 16:08:03,438 - INFO - Committed 69000 records
2025-02-19 16:11:16,829 - INFO - Committed 70000 records
2025-02-19 16:12:51,982 - INFO - Committed 71000 records
2025-02-19 16:17:00,959 - INFO - Committed 72000 records
2025-02-19 16:20:39,694 - INFO - Committed 73000 records
2025-02-19 16:23:40,086 - INFO - Committed 74000 records
2025-02-19 16:27:32,523 - INFO - Committed 75000 records
2025-02-19 16:31:13,899 - INFO - Committed 76000 records
2025-02-19 16:35:02,935 - INFO - Committed 77000 records
2025-02-19 16:38:32,873 - INFO - Committed 78000 records
2025-02-19 16:41:48,335 - INFO - Committed 79000 records
2025-02-19 16:44:56,000 - INFO - Committed 80000 records
2025-02-19 16:46:34,352 - INFO - Committed 81000 records
2025-02-19 16:50:05,538 - INFO - Committed 82000 records
2025-02-19 16:53:26,471 - INFO - Committed 83000 records
2025-02-19 16:56:37,281 - INFO - Committed 84000 records
2025-02-19 16:59:55,387 - INFO - Committed 85000 records
2025-02-19 17:03:08,086 - INFO - Committed 86000 records
2025-02-19 17:06:41,502 - INFO - Committed 87000 records
2025-02-19 17:09:58,156 - INFO - Committed 88000 records
2025-02-19 17:13:15,730 - INFO - Committed 89000 records
2025-02-19 17:16:35,537 - INFO - Committed 90000 records
2025-02-19 17:18:14,359 - INFO - Committed 91000 records
2025-02-19 17:21:31,577 - INFO - Committed 92000 records
2025-02-19 17:24:50,482 - INFO - Committed 93000 records
2025-02-19 17:28:03,055 - INFO - Committed 94000 records
2025-02-19 17:31:22,645 - INFO - Committed 95000 records
2025-02-19 17:34:41,957 - INFO - Committed 96000 records
2025-02-19 17:37:52,870 - INFO - Committed 97000 records
2025-02-19 17:41:02,871 - INFO - Committed 98000 records
2025-02-19 17:44:19,842 - INFO - Committed 99000 records
2025-02-19 17:48:23,526 - INFO - Committed 100000 records
2025-02-19 17:50:18,237 - INFO - Committed 101000 records
2025-02-19 17:53:48,352 - INFO - Committed 102000 records
2025-02-19 17:57:13,489 - INFO - Committed 103000 records
2025-02-19 18:00:40,793 - INFO - Committed 104000 records
2025-02-19 18:04:11,917 - INFO - Committed 105000 records
2025-02-19 18:07:49,340 - INFO - Committed 106000 records
2025-02-19 18:11:30,657 - INFO - Committed 107000 records
2025-02-19 18:15:05,371 - INFO - Committed 108000 records
2025-02-19 18:18:38,197 - INFO - Committed 109000 records
2025-02-19 18:22:07,406 - INFO - Committed 110000 records
2025-02-19 18:23:53,860 - INFO - Committed 111000 records
2025-02-19 18:27:31,924 - INFO - Committed 112000 records
2025-02-19 18:31:06,798 - INFO - Committed 113000 records
2025-02-19 18:34:47,672 - INFO - Committed 114000 records
2025-02-19 18:38:28,224 - INFO - Committed 115000 records
2025-02-19 18:42:10,043 - INFO - Committed 116000 records
2025-02-19 18:45:46,890 - INFO - Committed 117000 records
2025-02-19 18:49:26,646 - INFO - Committed 118000 records
2025-02-19 18:52:56,221 - INFO - Committed 119000 records
2025-02-19 18:56:23,503 - INFO - Committed 120000 records
2025-02-19 18:58:09,133 - INFO - Committed 121000 records
2025-02-19 19:01:59,945 - INFO - Committed 122000 records
2025-02-19 19:05:34,483 - INFO - Committed 123000 records
2025-02-19 19:09:17,974 - INFO - Committed 124000 records
2025-02-19 19:12:45,888 - INFO - Committed 125000 records
2025-02-19 19:16:04,361 - INFO - Committed 126000 records
2025-02-19 19:19:27,815 - INFO - Committed 127000 records
2025-02-19 19:23:00,418 - INFO - Committed 128000 records
2025-02-19 19:26:33,392 - INFO - Committed 129000 records
2025-02-19 19:29:56,312 - INFO - Committed 130000 records
2025-02-19 19:31:40,385 - INFO - Committed 131000 records
2025-02-19 19:34:53,055 - INFO - Committed 132000 records
2025-02-19 19:38:10,555 - INFO - Committed 133000 records
2025-02-19 19:41:27,643 - INFO - Committed 134000 records
2025-02-19 19:44:45,304 - INFO - Committed 135000 records
2025-02-19 19:47:57,910 - INFO - Committed 136000 records
2025-02-19 19:51:06,219 - INFO - Committed 137000 records
2025-02-19 19:54:21,853 - INFO - Committed 138000 records
2025-02-19 19:57:43,431 - INFO - Committed 139000 records
2025-02-19 20:01:05,671 - INFO - Committed 140000 records
2025-02-19 20:02:46,339 - INFO - Committed 141000 records
2025-02-19 20:05:24,044 - ERROR - Update failed: (pymysql.err.OperationalError) (2013, 'Lost connection to MySQL server during query ([WinError 10053] An established connection was aborted by the software in your host machine)')
[SQL: UPDATE farmer_details SET ai_aadhaar_name_match_flag=%(ai_aadhaar_name_match_flag)s, ai_aadhaar_name_match_accuracy=%(ai_aadhaar_name_match_accuracy)s, ai_kb_name_match_flag=%(ai_kb_name_match_flag)s, ai_kb_name_match_accuracy=%(ai_kb_name_match_accuracy)s WHERE farmer_details.id = %(farmer_details_id)s]
[parameters: {'ai_aadhaar_name_match_flag': 1, 'ai_aadhaar_name_match_accuracy': np.float64(0.9248), 'ai_kb_name_match_flag': 1, 'ai_kb_name_match_accuracy': np.float64(1.0), 'farmer_details_id': 247959}]
(Background on this error at: https://sqlalche.me/e/20/e3q8)
